Lmod Warning:
-------------------------------------------------------------------------------
The following dependent module(s) are not currently loaded: GCCcore/13.3.0
(required by: libdrm/2.4.122-GCCcore-13.3.0, libglvnd/1.7.0-GCCcore-13.3.0,
libunwind/1.8.1-GCCcore-13.3.0, LLVM/18.1.8-GCCcore-13.3.0-minimal,
Wayland/1.23.0-GCCcore-13.3.0, Mesa/24.1.3-GCCcore-13.3.0,
libGLU/9.0.3-GCCcore-13.3.0, libgit2/1.8.1-GCCcore-13.3.0,
Tk/8.6.14-GCCcore-13.3.0), expat/2.6.2-GCCcore-13.3.0 (required by:
Wayland/1.23.0-GCCcore-13.3.0)
-------------------------------------------------------------------------------




The following have been reloaded with a version change:
  1) GCCcore/13.3.0 => GCCcore/13.2.0
  2) expat/2.6.2-GCCcore-13.3.0 => expat/2.5.0-GCCcore-13.2.0

Info: reminder <7> taken from ~/.ws_user.conf
Info: Took email address <s38leste@uni-bonn.de> from users config.
Info: reusing workspace.
remaining extensions  : 3
remaining time in days: 57
Registered S3 method overwritten by 'hoardr':
  method           from
  print.cache_info httr
Warning messages:
1: no DISPLAY variable so Tk is not available 
2: replacing previous import ‘curl::handle_reset’ by ‘httr::handle_reset’ when loading ‘microclimdata’ 
3: replacing previous import ‘httr::cache_info’ by ‘rerddap::cache_info’ when loading ‘microclimdata’ 
terra 1.9.34
User lizethestevezt@gmail.com for ecmwfr service added successfully in keychain
Warning messages:
1: In default_backend_auto() :
  Selecting ‘env’ backend. Secrets are stored in environment variables
2: In default_backend_auto() :
  Selecting ‘env’ backend. Secrets are stored in environment variables
3: In default_backend_auto() :
  Selecting ‘env’ backend. Secrets are stored in environment variables
Reading combined CSV...
[16:00:51] run_microclimate_site.R started for MindoTarabita
[16:00:51] Acquiring weather data...

ERA5 merged file already covers the full requested window for MindoTarabita, skipping download.
LSM fix: 0 near-land cells set to 1
Processing ERA5 data to point climate data frame...
Weather data ready.
[16:00:55] Acquiring DTM...

DTM cache found, loading...
[16:00:55] Acquiring landcover...

Landcover already exists on disk, loading...
[16:00:55] Acquiring LAI...

LAI mosaic cache found, loading...
LAI ready: 68x68 @ 1 layers
[16:00:55] Acquiring albedo...

Albedo cache found, loading...
[16:00:55] Computing reflectance...

Reflectance cache found, loading...
[16:00:55] Deriving vegetation parameters...

Resampling vhgt, lai, and lref to landcover grid...
Creating vegparams...
vegparams ready | pai layers: 1
[16:00:55] Deriving soil parameters...

Soil cache found, loading...
Creating soilcharac...
soilcharac ready
[16:00:58] Cached point model predates the merged ERA5 file -- discarding stale cache.
[16:00:58] Running point model...
[16:00:59] Saved point model to /home/s38leste_hpc/canopymicroenv/data/processed/pointmodel_MindoTarabita.rds
[16:00:59] Valid grid cells: 4 / 6
[16:00:59] Canopy height (measured, CanopyHeight_m): 30.0 m (hObs_max was 23.0 m)
[16:00:59] Launching parallel height loop: 60 heights on 4 cores...
[00:00:46] Height loop done: 60/60 complete.
[00:00:46] Saving microenv manifest...
[00:00:46] Manifest saved to /home/s38leste_hpc/canopymicroenv/data/processed/microenv_MindoTarabita_h0.50.rds  (height_dir=/lustre/scratch/data/s38leste_hpc-canopymicroenv/microenv_MindoTarabita_h0.50_heights)
[00:00:46] Done. Height files remain in scratch — do not ws_release until downstream analysis is complete.
