Lmod Warning:
-------------------------------------------------------------------------------
The following dependent module(s) are not currently loaded: GCCcore/13.3.0
(required by: libdrm/2.4.122-GCCcore-13.3.0, libglvnd/1.7.0-GCCcore-13.3.0,
libunwind/1.8.1-GCCcore-13.3.0, LLVM/18.1.8-GCCcore-13.3.0-minimal,
Wayland/1.23.0-GCCcore-13.3.0, Mesa/24.1.3-GCCcore-13.3.0,
libGLU/9.0.3-GCCcore-13.3.0, libgit2/1.8.1-GCCcore-13.3.0,
Tk/8.6.14-GCCcore-13.3.0), expat/2.6.2-GCCcore-13.3.0 (required by:
Wayland/1.23.0-GCCcore-13.3.0)
-------------------------------------------------------------------------------




The following have been reloaded with a version change:
  1) GCCcore/13.3.0 => GCCcore/13.2.0
  2) expat/2.6.2-GCCcore-13.3.0 => expat/2.5.0-GCCcore-13.2.0

Info: reminder <7> taken from ~/.ws_user.conf
Info: Took email address <s38leste@uni-bonn.de> from users config.
Info: reusing workspace.
remaining extensions  : 3
remaining time in days: 56
Registered S3 method overwritten by 'hoardr':
  method           from
  print.cache_info httr
Warning messages:
1: no DISPLAY variable so Tk is not available 
2: replacing previous import ‘curl::handle_reset’ by ‘httr::handle_reset’ when loading ‘microclimdata’ 
3: replacing previous import ‘httr::cache_info’ by ‘rerddap::cache_info’ when loading ‘microclimdata’ 
terra 1.9.34
User lizethestevezt@gmail.com for ecmwfr service added successfully in keychain
Warning messages:
1: In default_backend_auto() :
  Selecting ‘env’ backend. Secrets are stored in environment variables
2: In default_backend_auto() :
  Selecting ‘env’ backend. Secrets are stored in environment variables
3: In default_backend_auto() :
  Selecting ‘env’ backend. Secrets are stored in environment variables
Reading combined CSV...
[14:14:56] run_microclimate_site.R started for Saloya
[14:14:56] Microenv already exists for Saloya — nothing to do.
